// Jest Snapshot v1, https://goo.gl/fbAQLP

exports[`renders learn react link 1`] = `
<input
  id="text"
  name="text"
  placeholder="input value"
  style="margin-top: 10px;"
  type="text"
/>
`;

exports[`test app renders learn react link 1`] = `
<input
  id="text"
  name="text"
  placeholder="input value"
  style="margin-top: 10px;"
  type="text"
/>
`;
